99 01 02
-1
68 05 11
07 09 25
65 02 06
11 12 28
43 01 23
05 10 28
-1
96 07 23
39 05 10
100 07 17
10 12 13
65 08 14
69 04 09
58 08 12
42 02 11
36 03 14
05 07 15
49 03 29
06 11 30
02 10 15
22 01 24
41 11 30
01 09 14
24 06 25
83 10 19
16 08 23
13 10 31
87 06 09
73 02 07
74 10 21
37 06 17
75 03 11
51 04 09
31 04 17
38 11 28
84 09 11
59 01 05
-1
69 10 15
56 08 11
38 04 11
42 03 06
-1
04 09 22
85 03 15
100 06 23
89 02 19
94 09 11
14 07 22
15 05 29
