1 2 3 4 4 5
16
1 2 1 5 4 5
11
1 1
19
2 1 6 5 4 3 3 3
8
1 2 2 1 6 6 6
7
2 1 5 4
4
4 3 2 3 3 4
-49
1 1 1 1 1 1 1 1 1 1 1 1 1 1 1 1 1 1 1 1 1 1 1 1 1 1 1 1 1 1 1 1 1 1 1 1 1 1 1 1 1 1 1 1 1 1 1 1 1 1 1 1 1 1 1 1 1 1 1 1 1 1 1 1 1 1 1 1 1 1 1 1 1 1 1 1 1 1 1 1 1 1 1 1 1 1 1 1 1 1 1 1 1 1 1 1 1 1 1 1
100
